GPU load train/pan: 128/17139 | total 0.2%
GPU load train/pan: 4096/17139 | total 5.4%
GPU load train/pan: 8192/17139 | total 10.8%
GPU load train/pan: 12544/17139 | total 16.5%
GPU load train/pan: 17139/17139 | total 22.5%
GPU load train/lms: 1152/17139 | total 24.0%
GPU load train/lms: 2304/17139 | total 25.5%
GPU load train/lms: 3584/17139 | total 27.2%
GPU load train/lms: 4736/17139 | total 28.7%
GPU load train/lms: 5760/17139 | total 30.1%
GPU load train/lms: 6784/17139 | total 31.4%
GPU load train/lms: 7936/17139 | total 32.9%
GPU load train/lms: 9088/17139 | total 34.4%
GPU load train/lms: 10112/17139 | total 35.8%
GPU load train/lms: 11264/17139 | total 37.3%
GPU load train/lms: 12416/17139 | total 38.8%
GPU load train/lms: 13568/17139 | total 40.3%
GPU load train/lms: 14592/17139 | total 41.7%
GPU load train/lms: 15744/17139 | total 43.2%
GPU load train/lms: 16768/17139 | total 44.5%
GPU load train/lms: 17139/17139 | total 45.0%
GPU load train/ms: 9600/17139 | total 57.6%
GPU load train/ms: 17139/17139 | total 67.5%
GPU load train/gt: 1152/17139 | total 69.0%
GPU load train/gt: 2048/17139 | total 70.2%
GPU load train/gt: 2944/17139 | total 71.4%
GPU load train/gt: 3840/17139 | total 72.5%
GPU load train/gt: 4736/17139 | total 73.7%
GPU load train/gt: 5760/17139 | total 75.1%
GPU load train/gt: 6784/17139 | total 76.4%
GPU load train/gt: 7808/17139 | total 77.7%
GPU load train/gt: 8704/17139 | total 78.9%
GPU load train/gt: 9728/17139 | total 80.3%
GPU load train/gt: 10624/17139 | total 81.4%
GPU load train/gt: 11520/17139 | total 82.6%
GPU load train/gt: 12544/17139 | total 84.0%
GPU load train/gt: 13568/17139 | total 85.3%
GPU load train/gt: 14720/17139 | total 86.8%
GPU load train/gt: 15744/17139 | total 88.2%
GPU load train/gt: 16640/17139 | total 89.3%
GPU load train/gt: 17139/17139 | total 90.0%
GPU load val/pan: 1905/1905 | total 92.5%
GPU load val/lms: 1024/1905 | total 93.8%
GPU load val/lms: 1905/1905 | total 95.0%
GPU load val/ms: 1905/1905 | total 97.5%
GPU load val/gt: 896/1905 | total 98.7%
GPU load val/gt: 1905/1905 | total 100.0%
{"epoch": 1, "train_mse": 0.0006571924313902855, "val_mse": 0.00044651422649621964, "val_psnr_peak1": 35.917179107666016, "val_sam_deg": 6.284756660461426, "lr": 0.0001, "seconds": 93.75373623000002, "train_seconds": 84.73393418100005, "validation_seconds": 9.019802048999964, "train_samples_per_second": 202.26843195300484, "scaler_scale": 65536.0, "micro_batch": 32, "peak_gpu_gb": 3.3848724365234375, "sample_order_sha256": "1d2093b02f1caab22750aafa03a9969abc035ee3c3ed7a9eea477aa10a2510d3"}
{"epoch": 2, "train_mse": 0.0004038616898469627, "val_mse": 0.00038817201857455075, "val_psnr_peak1": 36.535587310791016, "val_sam_deg": 5.781296253204346, "lr": 0.0001, "seconds": 94.47358488199995, "train_seconds": 85.46916509899995, "validation_seconds": 9.004419783000003, "train_samples_per_second": 200.52845935897108, "scaler_scale": 65536.0, "micro_batch": 32, "peak_gpu_gb": 3.3848724365234375, "sample_order_sha256": "f68d193ba594acb6a99d90396d32c9820f60a2e5f0a08cf9925263e3529e8aab"}
{"epoch": 3, "train_mse": 0.000364771083695814, "val_mse": 0.00035618169931694865, "val_psnr_peak1": 36.81850814819336, "val_sam_deg": 5.58271598815918, "lr": 0.0001, "seconds": 94.09658098299985, "train_seconds": 85.01032910899994, "validation_seconds": 9.086251873999913, "train_samples_per_second": 201.6107945897308, "scaler_scale": 65536.0, "micro_batch": 32, "peak_gpu_gb": 3.3848724365234375, "sample_order_sha256": "a1daa1df5b977d6a39242caf7b933fa69326360ec458067ca9d69a6bdc30d36d"}
{"epoch": 4, "train_mse": 0.0003369647020008415, "val_mse": 0.00033003761200234294, "val_psnr_peak1": 37.054290771484375, "val_sam_deg": 5.428231716156006, "lr": 0.0001, "seconds": 94.61782024399997, "train_seconds": 85.48663939199992, "validation_seconds": 9.131180852000057, "train_samples_per_second": 200.48746940921293, "scaler_scale": 131072.0, "micro_batch": 32, "peak_gpu_gb": 3.3848724365234375, "sample_order_sha256": "e15592b8ab27df68e58b6616452fb386b165d5dc3e3dccf9ed1afe553c6c80ab"}
{"epoch": 5, "train_mse": 0.00031642906833440065, "val_mse": 0.000312766176648438, "val_psnr_peak1": 37.252349853515625, "val_sam_deg": 5.375669956207275, "lr": 0.0001, "seconds": 94.65456880800002, "train_seconds": 85.57360779999999, "validation_seconds": 9.080961008000031, "train_samples_per_second": 200.28371411027504, "scaler_scale": 131072.0, "micro_batch": 32, "peak_gpu_gb": 3.3848724365234375, "sample_order_sha256": "774fa2eec3a11003cd7c66a7c0bd0e6a6691a09d7a9f70a582c6800754783c20"}
{"epoch": 6, "train_mse": 0.0003036791458725929, "val_mse": 0.0003032680251635611, "val_psnr_peak1": 37.34737777709961, "val_sam_deg": 5.372676849365234, "lr": 0.0001, "seconds": 94.91458217399986, "train_seconds": 85.82326748299988, "validation_seconds": 9.09131469099998, "train_samples_per_second": 199.70108925758322, "scaler_scale": 131072.0, "micro_batch": 32, "peak_gpu_gb": 3.3848724365234375, "sample_order_sha256": "82028031034d89ecedb96fe6712b6766464e1c12c9ae673314687d7e505b7e8d"}
{"epoch": 7, "train_mse": 0.00029210184584371746, "val_mse": 0.00028908278909511864, "val_psnr_peak1": 37.55194091796875, "val_sam_deg": 5.220496654510498, "lr": 0.0001, "seconds": 94.4391787049999, "train_seconds": 85.34195512399992, "validation_seconds": 9.09722358099998, "train_samples_per_second": 200.82736533393714, "scaler_scale": 131072.0, "micro_batch": 32, "peak_gpu_gb": 3.3848724365234375, "sample_order_sha256": "f127ff75bf9c7616683faef41e6ca0c4d88f1c6fc9f2dbcc962082a59e6a7bde"}
{"epoch": 8, "train_mse": 0.00028227371512912214, "val_mse": 0.00027924866299144924, "val_psnr_peak1": 37.6570930480957, "val_sam_deg": 5.172046661376953, "lr": 0.0001, "seconds": 94.62197514299987, "train_seconds": 85.53337343699991, "validation_seconds": 9.088601705999963, "train_samples_per_second": 200.3779263146195, "scaler_scale": 262144.0, "micro_batch": 32, "peak_gpu_gb": 3.3848724365234375, "sample_order_sha256": "aab85409315e2cb3817cae184f665618e476c4e308aa360f52fa2796d35295d4"}
{"epoch": 9, "train_mse": 0.00027517578564584255, "val_mse": 0.0002738025796134025, "val_psnr_peak1": 37.726497650146484, "val_sam_deg": 5.146142959594727, "lr": 0.0001, "seconds": 94.46466459099975, "train_seconds": 85.3666624089999, "validation_seconds": 9.098002181999846, "train_samples_per_second": 200.7692407826067, "scaler_scale": 262144.0, "micro_batch": 32, "peak_gpu_gb": 3.3848724365234375, "sample_order_sha256": "71b740964b1f6f387b8991b8092ec23f1d6856bcbfc49699c83bba9d249e8878"}
{"epoch": 10, "train_mse": 0.00026838923804461956, "val_mse": 0.00026683908072300255, "val_psnr_peak1": 37.80621337890625, "val_sam_deg": 5.11396598815918, "lr": 0.0001, "seconds": 94.93683188, "train_seconds": 85.83773686099994, "validation_seconds": 9.09909501900006, "train_samples_per_second": 199.66742631802822, "scaler_scale": 262144.0, "micro_batch": 32, "peak_gpu_gb": 3.3848724365234375, "sample_order_sha256": "6177f7461935a6b842d486e54401a327799be59e35912b919c65df7896932ced"}
{"epoch": 11, "train_mse": 0.00026181706925854087, "val_mse": 0.0002636139979586005, "val_psnr_peak1": 37.80063247680664, "val_sam_deg": 5.15247106552124, "lr": 0.0001, "seconds": 94.60865044499997, "train_seconds": 85.51437960999988, "validation_seconds": 9.094270835000088, "train_samples_per_second": 200.42243279042395, "scaler_scale": 262144.0, "micro_batch": 32, "peak_gpu_gb": 3.3848724365234375, "sample_order_sha256": "901d33d8babd1945a08cedcf585fdc5c607450c2f08c18a2d926354f96dacf70"}
