GPU load train/pan: 128/17139 | total 0.2%
GPU load train/pan: 4096/17139 | total 5.4%
GPU load train/pan: 8192/17139 | total 10.8%
GPU load train/pan: 12544/17139 | total 16.5%
GPU load train/pan: 17139/17139 | total 22.5%
GPU load train/lms: 1152/17139 | total 24.0%
GPU load train/lms: 2304/17139 | total 25.5%
GPU load train/lms: 3584/17139 | total 27.2%
GPU load train/lms: 4736/17139 | total 28.7%
GPU load train/lms: 5760/17139 | total 30.1%
GPU load train/lms: 6784/17139 | total 31.4%
GPU load train/lms: 7936/17139 | total 32.9%
GPU load train/lms: 9088/17139 | total 34.4%
GPU load train/lms: 10112/17139 | total 35.8%
GPU load train/lms: 11264/17139 | total 37.3%
GPU load train/lms: 12416/17139 | total 38.8%
GPU load train/lms: 13568/17139 | total 40.3%
GPU load train/lms: 14592/17139 | total 41.7%
GPU load train/lms: 15744/17139 | total 43.2%
GPU load train/lms: 16768/17139 | total 44.5%
GPU load train/lms: 17139/17139 | total 45.0%
GPU load train/ms: 9600/17139 | total 57.6%
GPU load train/ms: 17139/17139 | total 67.5%
GPU load train/gt: 1152/17139 | total 69.0%
GPU load train/gt: 2048/17139 | total 70.2%
GPU load train/gt: 2944/17139 | total 71.4%
GPU load train/gt: 3840/17139 | total 72.5%
GPU load train/gt: 4736/17139 | total 73.7%
GPU load train/gt: 5760/17139 | total 75.1%
GPU load train/gt: 6784/17139 | total 76.4%
GPU load train/gt: 7808/17139 | total 77.7%
GPU load train/gt: 8704/17139 | total 78.9%
GPU load train/gt: 9728/17139 | total 80.3%
GPU load train/gt: 10624/17139 | total 81.4%
GPU load train/gt: 11520/17139 | total 82.6%
GPU load train/gt: 12544/17139 | total 84.0%
GPU load train/gt: 13568/17139 | total 85.3%
GPU load train/gt: 14720/17139 | total 86.8%
GPU load train/gt: 15744/17139 | total 88.2%
GPU load train/gt: 16640/17139 | total 89.3%
GPU load train/gt: 17139/17139 | total 90.0%
GPU load val/pan: 1905/1905 | total 92.5%
GPU load val/lms: 1024/1905 | total 93.8%
GPU load val/lms: 1905/1905 | total 95.0%
GPU load val/ms: 1905/1905 | total 97.5%
GPU load val/gt: 896/1905 | total 98.7%
GPU load val/gt: 1905/1905 | total 100.0%
{"epoch": 1, "train_mse": 0.0006578504107892513, "val_mse": 0.00044710002839565277, "val_psnr_peak1": 35.91788864135742, "val_sam_deg": 6.308811664581299, "lr": 0.0001, "seconds": 84.07093319699987, "train_seconds": 75.27205628099995, "validation_seconds": 8.798876915999926, "train_samples_per_second": 227.69405868252065, "scaler_scale": 65536.0, "micro_batch": 32, "peak_gpu_gb": 3.363065719604492, "sample_order_sha256": "1d2093b02f1caab22750aafa03a9969abc035ee3c3ed7a9eea477aa10a2510d3"}
{"epoch": 2, "train_mse": 0.0004042859945911914, "val_mse": 0.00038851279532536864, "val_psnr_peak1": 36.535099029541016, "val_sam_deg": 5.780364036560059, "lr": 0.0001, "seconds": 83.50601587100005, "train_seconds": 74.90698110900007, "validation_seconds": 8.599034761999974, "train_samples_per_second": 228.8037743112404, "scaler_scale": 65536.0, "micro_batch": 32, "peak_gpu_gb": 3.363065719604492, "sample_order_sha256": "f68d193ba594acb6a99d90396d32c9820f60a2e5f0a08cf9925263e3529e8aab"}
{"epoch": 3, "train_mse": 0.0003651298757176846, "val_mse": 0.0003582376812119037, "val_psnr_peak1": 36.799766540527344, "val_sam_deg": 5.589130878448486, "lr": 0.0001, "seconds": 82.88282747000005, "train_seconds": 74.31299906499999, "validation_seconds": 8.569828405000067, "train_samples_per_second": 230.6325974680269, "scaler_scale": 65536.0, "micro_batch": 32, "peak_gpu_gb": 3.365995407104492, "sample_order_sha256": "a1daa1df5b977d6a39242caf7b933fa69326360ec458067ca9d69a6bdc30d36d"}
{"epoch": 4, "train_mse": 0.0003398714470677078, "val_mse": 0.0003332939522806555, "val_psnr_peak1": 37.039302825927734, "val_sam_deg": 5.441897869110107, "lr": 0.0001, "seconds": 82.80671255799996, "train_seconds": 74.25578321799992, "validation_seconds": 8.550929340000039, "train_samples_per_second": 230.81030536952755, "scaler_scale": 131072.0, "micro_batch": 32, "peak_gpu_gb": 3.367295742034912, "sample_order_sha256": "e15592b8ab27df68e58b6616452fb386b165d5dc3e3dccf9ed1afe553c6c80ab"}
{"epoch": 5, "train_mse": 0.0003198805788997561, "val_mse": 0.0003168034600093961, "val_psnr_peak1": 37.220176696777344, "val_sam_deg": 5.36824893951416, "lr": 0.0001, "seconds": 82.846620314, "train_seconds": 74.27275273400005, "validation_seconds": 8.573867579999956, "train_samples_per_second": 230.7575708332974, "scaler_scale": 131072.0, "micro_batch": 32, "peak_gpu_gb": 3.367295742034912, "sample_order_sha256": "774fa2eec3a11003cd7c66a7c0bd0e6a6691a09d7a9f70a582c6800754783c20"}
{"epoch": 6, "train_mse": 0.0003074000123888254, "val_mse": 0.00030723540112376213, "val_psnr_peak1": 37.31880187988281, "val_sam_deg": 5.336829662322998, "lr": 0.0001, "seconds": 82.75235325699998, "train_seconds": 74.16367128000002, "validation_seconds": 8.588681976999965, "train_samples_per_second": 231.0969738174482, "scaler_scale": 131072.0, "micro_batch": 32, "peak_gpu_gb": 3.367295742034912, "sample_order_sha256": "82028031034d89ecedb96fe6712b6766464e1c12c9ae673314687d7e505b7e8d"}
{"epoch": 7, "train_mse": 0.0002958604891318828, "val_mse": 0.0002954335941467434, "val_psnr_peak1": 37.43803787231445, "val_sam_deg": 5.249574184417725, "lr": 0.0001, "seconds": 82.70616930899985, "train_seconds": 74.12309552399995, "validation_seconds": 8.583073784999897, "train_samples_per_second": 231.22347871252418, "scaler_scale": 131072.0, "micro_batch": 32, "peak_gpu_gb": 3.367295742034912, "sample_order_sha256": "f127ff75bf9c7616683faef41e6ca0c4d88f1c6fc9f2dbcc962082a59e6a7bde"}
{"epoch": 8, "train_mse": 0.00028648594161495566, "val_mse": 0.0002846006245817989, "val_psnr_peak1": 37.59685516357422, "val_sam_deg": 5.208713531494141, "lr": 0.0001, "seconds": 82.80785446599975, "train_seconds": 74.23986124499993, "validation_seconds": 8.567993220999824, "train_samples_per_second": 230.85980647834677, "scaler_scale": 262144.0, "micro_batch": 32, "peak_gpu_gb": 3.367295742034912, "sample_order_sha256": "aab85409315e2cb3817cae184f665618e476c4e308aa360f52fa2796d35295d4"}
{"epoch": 9, "train_mse": 0.0002784069220069796, "val_mse": 0.0002780700451694429, "val_psnr_peak1": 37.67386245727539, "val_sam_deg": 5.18829345703125, "lr": 0.0001, "seconds": 83.03363016100025, "train_seconds": 74.47851206600012, "validation_seconds": 8.555118095000125, "train_samples_per_second": 230.12006449339438, "scaler_scale": 262144.0, "micro_batch": 32, "peak_gpu_gb": 3.367295742034912, "sample_order_sha256": "71b740964b1f6f387b8991b8092ec23f1d6856bcbfc49699c83bba9d249e8878"}
{"epoch": 10, "train_mse": 0.00027189889806322753, "val_mse": 0.00027113244868814945, "val_psnr_peak1": 37.75795364379883, "val_sam_deg": 5.126893043518066, "lr": 0.0001, "seconds": 82.77858960499975, "train_seconds": 74.22886349799978, "validation_seconds": 8.54972610699997, "train_samples_per_second": 230.89401066287158, "scaler_scale": 262144.0, "micro_batch": 32, "peak_gpu_gb": 3.367295742034912, "sample_order_sha256": "6177f7461935a6b842d486e54401a327799be59e35912b919c65df7896932ced"}
{"epoch": 11, "train_mse": 0.00026532509946264327, "val_mse": 0.0002637195575516671, "val_psnr_peak1": 37.81454849243164, "val_sam_deg": 5.157066822052002, "lr": 0.0001, "seconds": 83.18691271399985, "train_seconds": 74.64786572599996, "validation_seconds": 8.539046987999882, "train_samples_per_second": 229.59799095810533, "scaler_scale": 262144.0, "micro_batch": 32, "peak_gpu_gb": 3.367295742034912, "sample_order_sha256": "901d33d8babd1945a08cedcf585fdc5c607450c2f08c18a2d926354f96dacf70"}
{"epoch": 12, "train_mse": 0.00025765947066247463, "val_mse": 0.00025607613497413695, "val_psnr_peak1": 37.92993927001953, "val_sam_deg": 5.06691312789917, "lr": 0.0001, "seconds": 83.22066255100003, "train_seconds": 74.66824537000002, "validation_seconds": 8.55241718100001, "train_samples_per_second": 229.53532542611555, "scaler_scale": 524288.0, "micro_batch": 32, "peak_gpu_gb": 3.367295742034912, "sample_order_sha256": "bebd69f055f403342aad7763a544bf1e3757645ccc1e78ac014cb27cb6dba30f"}
